Trinidad Scorpion || Retail print on front, custom print on back.
Truven Purple Shirts || 
Big Tex Retail Shirt || Big Tex Retail Design
2017 || 
2018 || 
2019 || 
Chi (White Ink) || 
Chi (Black Ink) || 
Cheetah Print || 
Antonio (Black) || 
Antonio (White) || 
DRUT || 
Gyomory Trucking Reprint || 
Name Transfer || Navy
Bowerbank
Tank (Super, Foxy, Awesome, Hot)--Old Design || purple tank
old style
Jonesy Water || 
Blank Outerbanks Polo || 
U-M SPH EHS Tees || 
The Motor City Kitties 2 || 
BGK (January 2013) 2 || 
PCEP Hoodies || 
KAF Time for a Laugh || Silver Badger wicking tees with black print on front, full color process print on back.
Baking || "Changing the world: One cookie at a time"
8400L || 
Cheetah on Black || 
Reach 2013 Part 2 || 
Black ink || black ink across chest,
White ink || white ink across chest.
Superman || 
"Coy" Name On Back || 
Together We Can 2013 || White tees with yellow and black ink on front.
4-H Shirts / Jackets || 
5000L || 
Rush DSP (Jan 2013) || 
Black Shirts || 
White Shirts || 
Black Hoodies || 
White Hoodies || 
Sweatpants and Shorts || 
School of Ice Dancing (January 2013) || 
Smaller Print || 
UM Ski || 
Southend On Sea (Retail) || 
Southend On Sea (Custom) || 
custom--black print || 
ND Alumni || 
Blank Polos || 
Honey Badger Hoodies || 
Fantasy Sports || 
T-Shirts || 
The Zoo || 
PCEP Dance Guy/Girl Jan 2013 || 
Bowling for Greg Tees || 
Free Ben Spencer || 
Alumni Shirts || 
Volleyball || 
Lucy || 
Be Radiant Pt 2 || 
UM Bowling/ Competitive Advantage || Tape off Jones
Michigan Xtreme || 
Venom || 
T-shirts || White and black ink across chest of cardinal shirts.
Cinchpacks || Orange and polywhite ink on red bags.
Track Jackets || Black, red, and gray ink on front. Black and gray ink on back.
11 Drinks || 
UM Hackers || 
U of M MFE 2012 Reprint || 
Blue Ink || Blue ink across chest.
White Ink || White ink across chest
Black Ink || Black ink across chest
Century Wildcats || 
Small Shirt || 
Medium Shirt || 
Large Shirt || 
3xL-1 || 
3xL-2 || 
Multi Size (3xl & L) || 
437 MAC Ski Weekend || 
Easter Seals of Michigan || Black ladies' fleece for Easter with stitching on left breast and beneath collar on back.
Pants/ Shorts || 
YPVL (January 2013) || 
Cheetah Print || 
YPVL (Antonio Order) || 
Shorts || 
Team Steam Puff || 
Arktos & Desta || 
Casey Junior || 
Casey Junior and Tingly || 
Jackets || 
Orange Tux || 
Sesame Street Live || 
Poly. Tees || 
Blue Ink - 10 inch print || 
White Ink - 10 inch print || 
Black ink - 10 inch print || 
Zeta Phi Eta Starkid Shirt || 
BGK || 
White Ink || 
BrewDiva || 
Black || 
White || 
Dude || 
@stoutgirl || 
Honors College || 
Mind the Gap || 
Polos || 
Hoodies || 
Bradford Academy || 
Cheetah Print - White ink || 
19.5 hours of design work @ $20 / hr. || 19.5 hours of design work @ $20 / hr.
Women's Shirt || Christina's artwork
Men's Shirt || Jacob's Artwork
DMUM Yoga Pant || Light blue print across back of black yoga pant fold.
Blue Jerseys || 
White Jerseys || 
Buttons || 1.5" pressed buttons
Mugs (Tumblers) || 
Keychains || 
Bracelets || 
Notebooks || 
Posters || 
Kamazu Jerseys || 
Keychains || 
May 5th, 2013 || script font
A2 Fitness January Tees || Silver ink on front, top back, and bottom back of black shirts.
Job_1_Green_on_Ash || 
Job_2_Brown_Orange_on_White || 
13ring it on || 
AVPSY Shoe + Tee Launch Samples || Samples for commercial
DMUM Sweatpants || DMUM logo on left left over thigh.
Rainbow logo || 
Light blue/dark blue/red logo || 
White logo || 
Name Transfer || 
6th Grade || gold shimmer front,
gold shimmer back
8th Grade || 
Who gives a split! || 
Thomson Reuters Shirts || same as last year
JOB_1_Life_Without_God || 
Job_2_So_Praizy || 
Jarrett Tanks || 
White Ink || 
Uncle D || 
Make Musicals, Not War || 
Pink Ladies || - There was a whole in the first hoodie.
Blank White Tees || 
Circle K EMU || 
Hustle Your Heart Out || White, lime, and hot pink ink on front and back.
Gold Screen Print - Gold || Gold glitter ink on front full chest.
Small Screen Print - Silver || Silver ink on front full chest.
Large Screen Print - Silver || Silver ink on front full chest.
Saline 2017 || 
Saline Parent 2017 || 
Saline 2018 || 
Saline Parent 2018 || 
Saline 2019 || 
Saline Parent 2019 || 
Jaws || 
Childhood Picture || 
Jackets || 
Tees || 
Prime One || 
Prime Two || 
Prime Three || 
Prime Four || 
Prime Five || 
Anne's Totes || Kelly green totes with white print on one side.
Cheetah Print Crew Necks || 
Shamrocks || 
Red Logo || 
White Logo || 
Black Logo || 
White Logo || 
Black Logo || 
Cheetah Print || 
Camo Print || 
White Camo || 
BGK || 
Concordia Track || 
Math Olympiad Reprint || 
MWD Dogs We Trust KAF - Reprint || Short sleeve, re-prints of last time.
Detroit High School Tees || Blank Tees
Long Sleeve Reprint || 
It's Me, Tyler Polo's || 
Shirt Reprint (7th Grade) || 
First Quality Drywall || 
Blank Front || 
Tees & Tanks || 
T-shirts and Hoodies || Vegas Gold apparel with:..
Front:.. Black Ink..
Sleeve: Black + White Ink..
Back:...Six Color.. Simulated Proces Print
KAF 3 on 3 Basketball || White wicking tees with print on front and back of shirt.
Med School Tees || 
4-H Jackets || silver on l sleeve and back
U-M Circle K PR || 
TelCom || 
College Republicans || 
The joy of the lord is my strength || 
Jesus Loves You || 
Trillium Reclaiming || 
Trillium Reclaiming Women || 
Black Shirts || 
Rush Order - Jerry's Boca Blowout || Red ink on front and back of white tees. Shipped overnight to FL.
JOB 1 A Bout De Souffle || 
Job 2 Godard || 
sweatshirts and jackets || 
T-Shirts || left chest
Bottles || - Bottles in foreground, man in background
Buttons || 150 buttons
Argo Pond || 
No back || 
IPAmy || 
Brew Diva || 
RIP Brandon || 
Front + Back || G2000
Front Only - No back print || 
Wheels Hockey - Win Or Lose || Canvas Athletic Heather tank with red screen print on front.
Blank Tees || 
2013 NVAR Bike Rally || 
Murals Inc. Pillow Case || 
Two XL Tees || 
Soles Up Running Club || Silver wicking tees and hoodies with screen printed chest, sleeves, and back. Shipped to KAF.
Sweat Shirts (design 2) || 
Chances Are.. || 
Creative Montessori Academy || 
Robot Shirts || 
WHFA 2013 Apparel || 
Pants/ Shorts || 
Woodland Mews || 
Harbor House || 
RIP Kenin Theodore Finney || 
Short Sleeve Shirts || 
I Survived Detroit || 
MI Scrubs || 
My Brother 1 || 
My Brother 2 || 
Job_1_Basic_Anodyne || 
Job_2_Basic_Anodyne_2 || 
Job_3_Jon_Anodyne || 
Job_4_Sean_Anodyne || 
Job_5_Another_World || 
Custom Tees || 
Script font "Phi Sig Big Sister" || 
White Logo || 
Black History Month || 
Cheetah Print || 
White Logo || 
Black Ink || 
Black History Month || 
White Print || 
Black Print || 
Camo Print || 
Black History || 
American Flag || 
Cheetah Print || 
Zebra || 
Polka Dots || 
Tees || 
Sweatshirt with Orange Print || 
TOPSoccer 2013 || 
Golf Balls || "The older I get the harder it is to find my balls" art
Bottles || 
Black Print || 
White Print || 
Sweatpants (black print) || 
Contract Print: Maggie's Organics || Front and back water-based print.
Snack Packers || 
Youth Shirts || Custom art on front of grey shirts.
What will you stand for? || Retail Design
DMUM Alumni || Retail Design
PCEP Blankets || 
Jacket || 
Orange Car Polo || 
Short Sleeve Prints || 
Trillium Reprint || 
Sample for showroom - Same art || 
Spring Break '13 || 
T-Shirts || 
T-Shirt Reprint || 
AUSOM || 
Another Beautiful Day Custom Tee || 
Smith Transfer || 
Smoker Babes 2013 || 
M6129906 || 
M6100029 || 
KAF Pool Tournament || Five color print (White, black, brown, yellow, red) on front and back of wicking tee.
Front/ Back Print || 
Front Print Only || 
OSEH Dive Safety Team || 
Water Polo Jacket || 
Away Jerseys || 
Home Jerseys || 
AFB Tees Re-stock || Re-print of AFB shirts.
Mickey || 
Airport for Birds Track Jackets Refill || Re-print of last time.
Cinch Packs || Re-print of last time.
Ideabooks || 
Luggage Tags || 
Buttons || 
Thurston Players || 
STILES 112031 || White print, deep royal 5190

slightly offcenter
Ann Arbor Commandos || 
Gold Hockey Jersey || 
Navy Hockey Jersey || 
Sister 2 Sister ASB || 
One on One 2013 Sports Camps || 
Michigan Concrete Canoe T Shirt || 
Team Piano Man || 
ä¸­åœ‹è—åŸºé‡‘æœƒ China Blue Charity Fund || 
Blank White Tees || 
AGD Sweat Pants || Team Graduation down the leg

The i in graduation should have a mortar board as the dot.
My Son - Small print || 
My Son - Large Print || 
Stinar Shirts || Wicking tees for Rinehart
POW MIA || 
Diamond Auto Wash Pt 2 || 
Stinar Order Apparel || Apparel for MAJ Frein
Stinar Order B || Apparel for Gary Brewer
MWD Dogs We Trust KAF - Reprint 2 || Short sleeve, re-prints of last time.
NeW Order || Network of Enlightened Women products.
CPC Aviation Reprint [2.25.13] || 
AASC Tees Pt 4 || 
AASC Nature & Nurture || 
Cheetah Print || 
White Logo || 
Black Logo || 
In Memory of Abigaille || 
KAF Army Emergency Relief || Full color print on left chest, black print on back of white tees.
Studs Med School || 
Blank Tultex Shirts || 
NeW Merchandise Order || Assorted products from NeW store, shipped to DC.
ASB Chicago '13 || 
Central School Psych || 
Zete St. Patricks Day || 
Tanks || 
JOB 1 - White V-Neck - L-chest || 
JOB 2 - White Pocket Tee - Full Chest || 
Got Pasty || 
Union Tank || 
Yak's Blue Jerseys || Fully Sublimated
Shirt color change || customer switch one shirt to red. put the extra black shirt into retail stock
Baby Brother || "I AM THE BABY BROTHER"
Big Brother || "I AM THE BIG BROTHER"
Bigger Brother || "I AM THE BIGGER BROTHER"
Biggest Brother || "I AM THE BIGGEST BROTHER"
Chris Colfer || 
Sweatpants || 
Wedding Bags || 
In memory of Don--Basic || 
Mother || 
Passions || 
High School || 
Sister Reprint || 
DMUM Finance 1/4 Zips || 
Yak's White Jerseys || Fully Sublimated
Rockets Red Jerseys || Fully Sublimated
Black Reprints (Chi's Last order) || 
Cheetah || 
Black Print || 
White Ink || 
American Flag || 
Ryan Newman 39 || chrome yeller on black tees
Screen printed wicking t-shirts. || Black apparel with:..
Front:.. White Ink..
Sleeve: Grey + White Ink..
Back:...Six Color.. Simulated Proces Print
M6160058 (Goalie Shirt) || Black ink on white fitted tee.
M6159727 (Practice Pants) || Boxercraft ladies' pants with white ink across band. CAREFUL - print likely goes on inside of band, upside down. Ask Michael / Jerry
M6159578 (Sweat Pants) || Weatherproof pants with white print on thigh.
M6159584 (Hoodie) || White screen print on women's v-neck hoody
M6160708 (Green Burnout Tees) || White screen print vertically down front of green deep burnout v-neck.
Wolf Tee Shirt || 
Orange Car Polo 2 || 
Rabbit || 
Raglan || 
Color Test || Gold, White, Black on Red polo
Sun || 
So. (BLACK) || 
So. (Box) || 
Illusion || 
Illusion (orange) || 
Ibuku Shirts part 2 || 
JMOMS Tees || 
Blue Shirts with Orange Print || Exec board
One on One B-Ball Clinic || 
Child Care Network || left chest pritn
Ann Arbor Derby Dimes || 
ThoughtWorks: Never Stop Learning 2013 || Sapphire long sleeves with white ink on front and back.
SAE St. Patrick's Day || 
St. Patrick's Day || 
Late Additions || 
Ypsi Basketball || same front

maxwell on back
Purple (white print) || 
Gold (navy print) || 
Navy Sweat Shirt (Maize) || 
In Memory || 
Job_1_Red || 
Job_2_Purple || 
Job_3_Black || 
Job_4_Gold || 
I am His, He is Mine || 
V-Neck Reprint || 
Pioneer Wrestling || 
St. Pat's Tee || 
USAS Certified || 
Plymouth Oratorio Society || 
Light Print on Dark || 
Dark print || 
Light Print || 
AYB Hoodies || 
Blue Tees || 
Red Design || 
St. Paddy's Day Shirts: 100% Italian || left chest,

full back--lower print

Ravie Font
Yak's Hats || Yak's On Sticker Side (white)


0 on opposite side
32 on opposite side
Pioneer PTO (Spring 2013) || 
Strategize Organize || 
Blank Hoodies || 
Original Olympians || Black tees, provided, with screen on front and back.
St. Pat's Match Day || Heather Irish Green 64000 with white ink on front and back.
The original olympians || 
Size adjustment - same art || dropped 1 S, added 1 M. swap with retail
Read Burns Park Follow-up || 
GLow Buttons || 40 buttons to Chi
Marathon || 
Green - T-Shirt - Clever Girl || 
Make Way || 
Lead the Way || 
Get in the way || 
Polo || 
UT Law Women Pt 3 || 
8.5 in wide print || Gold foil prints
9.75 in wide print || Gold foil prints
12 in wide print || Gold foil prints
Fraser Pub || gold front 
same
Normal size print || 
MSE Bar Crawl || 
KAFMAN || White tee with black print on front and back.
Blank Forest Hoodies || 
I Heart Delta Sigma Theta || same front

eXquIsIte
  12

Red ink (superstar m54 font)
Women's Shirt || Christina's Artwork
Men's Shirt || Jacob's Artwork
Growth Rememdies || white
Medi Swipe || 
Buddy Memorial Shirts || 
YPVL March || 
White Print || 
Polka Dots || 
Camo Print || 
Black Logo || 
MODEL Hoodies || Black hoodies with MODEL across the back in hot pink
white logo || 
Pink Logo || 
Grey Logo || 
ATS polos || 
Daebak 3 || 
Name || - add "Rikki" to right chest in same font as the rest of the jackets in the "Vis-a-Vis Jackets"/Melissa Mueller order
leaf || repeat 3x on bottom-full bottom

black on grey
feather || change to dark blue and light blue feather parts
Drunk Irish || 
Via Cimer, Via Tuta || 
Logo || 
Mickey || 
Swedish House Mafia Tanks and Tees || 
Hashtag || 
Olympians Wrestling || same print
KAFMAN || Black tees with white ink on front and back.
Added shirt - Same art || 
Job_1_Pixel_1 || 
Job_2_Pixel_2 || 
Job_3_Basic_Stacked_Dark || 
Job_4_Basic_Stacked_Light || 
Job_5_Basic_EMU_Dark || 
Job_6_Basic_EMU_Light || 
Arbor Cruising Company || 
NSAC T-shirt || White tee with black print on left chest + our logo on the back.
Honors College || 
High School Conference || Black tees with neon green ink on front, white ink on back.
Original Logo || 
Blank Tie Dye Tees || 
Job_1_Father || 
Job_2_Daughter || 
Sesame Street Pants || 
Miller Landscaping || 
Acting Out Tees || 
Blank Samples || 
Tote Bag || 
Extra || 
Living the Dream || Sapphire tees with black ink on front, back, right sleeve, and black + white ink on left sleeve.
Without Sleeve Print || 
With Sleeve Print || 
Basic Tees || full chest
Resonate Tees || Black tees with neon green ink on front, white ink on back.
DMUM Pod3, Team Boy Meets World || Orange tees with navy ink on front and back.
Blank American Apparel || 
Shoe Bags || Christina's Art on 500 shoe bags.
Christening Onesie || 
Tour de Wishes || 
1 more shirt - same art - pull from retail || 
Extra Shirts || 
Hollywood/3D || 
Soccer Jersey || 
Thrive || 
AGC Automotive || 
Golf League Champs || golden globe surrounding mud flap girls.
Aviary / LinkedIn Beerpong Champs || Mesh reversible tank with print on one color side, front and back.
JOB_1_Sigma Nu || 
JOB_2_Tau_Kappa_Epsilon || 
JOB_3_Alpha_Xi_Delta || 
JOB_4_Delta_Zeta || 
JOB_5_Delta_Sigma_Phi || 
JOB_6_Sigma_Nu_Phi || 
JOB_7_Sigma_Kappa || 
JOB_8_Sigma_Sigma_Sigma || 
JOB_9_Alpha_Kappa_Lambda || 
JOB_10_Phi_Sigma_Kappa || 
JOB_11_Alpha_Gamma_Delta || 
JOB_12_Alpha_Sigma_Tau || 
JOB_13_Sigma_Delta_Tau || 
FTA Shirts || 
Taylor Exemplar Academy || 
Dark Tote Bags || 
Late Hoodies || 
DMUM Tune Squad Shirts and Tanks || White tees with royal and red print on front.
DMUM Team 6B FTK || 
DMUM Team 2B Batman || Black G2200 tanks with blue ink on front and back.
Normal Print - No Additions || White ink on front and back.
Captain's Print - Captain's C on left chest || White ink on front and back.  Captain's C at top left.
Assistant Print - Assistant's A on left chest || White ink on front and back.  Assistant's A at top left.
Crew Print || Same art as rest, with "CREW" on the back as well.
Normal Print - Youth Screen || White ink on front and back.
Normal Print - Navy ink || Navy ink on front and back.
3rd Year Shirts || Lime tees. White ink on front and back.
4th Year Shirts || Cedar tees. White ink on front and back.
DMUM Team 5A || Daisy tees with navy print on front.
Betas Do It Better || Purple shirt with white ink on front.
DMUM Team 6H || 
DMUM Pod 8 Hats || Royal rage hat with white ink. $10 each. 8 Mile logo w/ "pod" down the side of the 8
DMUM Team 4I || 9 smalls, 1 medium
DMUM Team 8G || 2 kid medium
3 adult small
3 adult medium
3 adult large
1 adult x-large.
DMUM Team 8A || 8 smalls
2 mediums
2 larges
Reprint || 
ALLY PHYSICAL THERAPY  Reprint || 
Reprint Shirts || 
Cyndi || 
Red Shirts || 
Event Planning || 
Team 4B || 
Aviary Photo Hack Day 2013 || Tri-black American Apparel TR401 shirts with one pass of white ink on front and back.
DMUM Mushu Crew || Red tees, white screen on front and back.
DMUM Team 8B || Ocean blue. Black ink on front. White and black ink on back.
Sapphore Tees || 
Team 4F || 
Team 3B || 
Team 4D || 
Team 4H || 
Team 3E || 
Team 6E || 
Team 1F || 
Team 1A || 
Team 5B || 
Team 1E || 
Team 7D || 
Team 4E || 
Child Tees ( I am...) || 
Hoodies || Front: Jeromes Property Enhancements
          
Back: We'll make you wet your plants!

Red PRINT
Hoodies Personal Assistant || Front: Jeromes Property Enhancements
          Personal Assistant
Back: We'll make you wet your plants!

RED PRINT
Very Personal Assistant Hoody || Front: Jeromes Property Enhancements
          Very Personal Assistant
Back: We'll make you wet your plants!

RED PRINT
Toddler || 
Jerome Property Enhancement || White Print on front of polo only
Polos and Dress Shirts || 
Black Shirts || 
Job_1_Neon_Shirts || 
Job_3_Hats || 
Job_2_Sig_Delt_Athletics || 
Totes || 
DMUM Shoes (Regular Print) || 
DMUM Alumni T-Shirt || DMUM Alumni T-Shirt off of the webstore. ***Change ALUMNI to ADVISOR, and keep DMUM foot logo on the A.
We're in This || Sport gold ink on front of black shirts.
Katy Caboose || 
Let Them Eat Chaos || American Apparel California Fleece jacket with white ink on left chest and white + red ink on back.
UMDP Hoodie || http://umdp.annarbortshirtcompany.com/products/d-and-p-stacked-design-hoodies
DMUM Crew Onsie || 
DMUM Cinderella || Red tees with white ink on front and back.
DMUM Team 8E || Carolina Blue tees with white ink on front.
Sweatshirts, grey ink. || 
9 inch tall print || 
1026 Tanks || 
DMUM Team 7D || Red tees with gold ink on front.
Blackout || 
Not Our Mistake || 
Tote Bags || White print of DM logo on front.
Rage Hats || Neon Yellow hats with blue screen print on front
Blankets || Navy blankets with yellow and white ink on front
Towels || Navy towels with yellow ink on them
Buttons || 
Additional Transfer || Transfer to fix one of the names that transfered poorly.
Hockey Transfers || Royal Blue number transfers, 8''
Labweek (Techs) - Royal || 
Labweek (Assistants) - Maroon || 
Mansfield Jersey Print || 
Panda/ Dragon Shirts || Front, black and Rainbow inks: Panda and Rainbow

Back, yellow inks: Dragon Art
Lowering the Bar || Front, black ink: Lowering the Bar 
No back print
Brotherhood Family Pride || 
Nick's Jersey || 
Red ink || 
Mike Tyson || 
Tiger Logo, Orange || 
Cheetah Logo || Front, Cheetah Logo
Camo || 
YPVL logo white ink || 
Tiger Print || 
Flag Design Tank || Front, Flag Design
YPVL BLack Ink, Crewneck Sweatshirt || 
Thrive Sweatshirts || full chest
Tanks, Silver Foil Front || Front,silver foil: FRENZY incorporated with Michigan Extreme Logo
White shirts, Forest Green ink || White shirts, Forest Green ink
Yellow shirts, Navy ink || Yellow shirts, Navy ink
Heliconia shirts, Black ink || Heliconia shirts, Black ink
White shirt || 
Black Shirt || 
DMUM Team 7A || Black tees with white and red ink on front.
IOE || 
James Shuto Con || art supplied to Rob
Jersey || 13  in white transfer
Morey || Front, white ink: Ambassador logo with 'Ambassador'
Back, white ink: "Ask me about" Morey public school logo "NewMorey.com"
TOPS || Front, white ink: "Ambassador" with logo
Back, white ink: "Ask me about" Three Oaks logo, "threeoaksschool.com"
Bradford || 
M & Music Notes || 
Gargoyle Shirts || 
Life as a Zebra Foundation || White tees with black print on front and back.
Reversible Jerseys || 
Light Colored Hoodies || 
Dark Colored Hoodies || 
24 totes for CK || OP Blue screen on front of natural tote.
Smiley Face || 
t-shirts || Front, full color ink: photograph
Greek Letters || 
University of Michigan || 
One on One Sports Camps April 2013 || 
Adult || - Same as past orders: logo on back, unique names on front.
Tour Tees || 
Tote Bags || 
Posters || 
USB Bracelets || 
Tour Buttons || 
JATP Buttons || 
Blank Shirts || 
Rainbow Rehab - All About ME || Dark grey heather tee with white ink across chest.
Wake n Bake Edibles || 
Additional Tanks, same exact print as Job 1 || 
blank hoodies || 
BCBS Spring 2013 || 
DWCS || 
PTA || 
Youth || - Same as adult shirts
Onesie || - Logo on front, nothing on back.
Sesame Street Pants Reprint || Extra pair of mediums
Minx Jackets || For Women Only logo on left breast.
Chicago Tees March 2013 || 
Regal Building Services 2 || 
Regal Building Services 2 || 
SOP || 
Vanguards || 
Green shirt, White ink - Front only || 
Green shirt, White ink - Front & Back || 
Navy shirt, Yellow ink - Front only || 
Navy shirt, Yellow ink - Front & Back || 
Abney || Front, white ink; ambassador logo
Back, white ink; ambassador logo and school logo
BHCS || Front, white ink; ambassador logo
Back, white ink; ambassador logo and school logo
Drew || Front, white ink; ambassador logo
Back, white ink;
ambassador logo and school logo
GPA || Front, white ink; ambassador logo
Back, white ink; ambassador logo and school logo
CMA || Front, white ink; ambassador logo
Back, white ink; ambassador logo and school logo
Saline Middle School 8th Grade Trip || Sapphire blue tees with black and white ink on front, white ink on back.
Messenger Bags || Easter Seals logo on front flap
Added shirts - Same art (Techs) || 
Added shirts - same art (Assistants) || 
Added Zip-ups || Same print on back as Jobs 1 & 3 fronts.
DMUM Photo Shirts || 
Twitter T-Shirt Reprint || 
Socks || 
NKFM || 
B-school Hand-outs || Free tees with our logo in white and yellow on front and back.
KAPi Senior Bar Crawl || 
General Design || 
Sweatpants || 
Bride Shirt || 
Design 2 Shirt || 
Justice Cup Champs Tees || 
No Back Print || 
Additional Shirts || 
KAF Heart Logo Tee || White cotton t-shirt with four color process print on left chest.
Black Jersey || 
White Jersey || 
7 No Trump || 
KBK Landscaping Inc. || 
White Print Only || 
Black Print Only || 
Goodbye || 
color change || 
Seventh Grade Parent || 
J. Baldwins (Tradefirst) || 
Hat || 
Child Care Network Polos || 
Car 1 || 
Car 2 || 
Sherry || 
Crawl to the Occasion || 
UM D&P Tees || Navy ink on front, navy, grey, and white ink on back.
JATP Sweatpants || 
Payment 1 of 2 || 
Gathering of Goddess Reprint || CHANGE TEXT COLOR
Tank || 
Bad Prof || 
Extra Shirts || 
Lab Tech T-shirts || Royal blue shirts
Front, white ink: lab tech design
Back: no print
Lab assistant tees || Maroon shirts with white writing
Front, white ink: Lab asst design
Back: none
Lab Tech sweatshirts || Royal blue sweatshirt with white writing
Front, white ink: "Lab Week 2013" left chest
Back, white ink: lab tech design
Lab assistant sweatshirts || Sport grey sweatshirts with maroon writing
Front, white ink; "Lab Week 2013" left chest
Back, white ink: lab assistant design
TEDx U-M Follow-up || 
Late Additions || 
TTFC Shirts || 
KBK Landscaping || 
Twerkin IT! below Joust logo || 
Hail to George H. Jewett Pt 2 || 
Shelly || 
Victor || 
Cathy || 
Ross Polo's || 
Bull Run || Black and White ink
Added shirt - Same art || 
Unique Name Only || 
Guns N' Hoses Underwear || White ink transfers on red underwear
Front Print Only || 
ERT Antiques 2 || 
Reprint || 
Jayden's Mom || Full Block-Chrome Yellow
White Shirt || 
Blackhawk || 
Reprint - Compass front + Corinthians back || 
Reprint - Owl front + Ephesians back || 
311 || Red + Black print on front....Red + Blac + Royal + Gold ink on back.
Building Leadership + Sword Back || Red ink on left chest....Red + Black print on back.
Building Leadership Alternate - Black ink front || Black ink on left chest, different print from Job 2....Red + Black print on back.
Barracudas MIL || Screen printed wicking tees.
Logic Software || - Right chest logo
SPH Toxicology Bar Crawl || 
SPH Toxicology Bar Crawl || 
Underwear || White transfer print on crotch
Buttons || Buttons w/ 1 of 2 prints
Strategize Organize pt 2 || 
We Out Extras || 
Black shirt || white ink on front and back
Sand Shirt || Black ink on front and back - DO TWO PASSES!
Cherri Bomb Tanks and Tees || Red tees + Sport Grey tanks with white ink on front.
Totes || Black totes with white ink print.
Buttons || Buttons
Poncho || 
Blend || 
Giphy || 
Dots || 
Reunion Tour 2013 || 
One on One Basketball League || 
General Merch Tote - Brick by Brick - 1 screen || Black ink, one side of natural tote.
Memorial Tees 2 || 
Blank Tees || 
Waunakee Golf 2013 || 
Dark blue lips || dk blue on an XL. all other sizes can get whatever color (1 color for each shirt)
Beef Palace Tees || 
Added shirts - same art || 
Aviary T-shirt || White ink on chest of turquoise shirt.
Big House Tour || 
Softball Shirts || Unique names & numbers on back
Team Toyota || 
Extra Shirts || 
Plain hoodie, no print || 
Monsstars T-shirts and Tanks || Black and red print on front of gold shirts and tanks.
Glenbard East || 
Varsity Spooning || 
Extra shirts, same print || 
SCREEN || 
Pioneer Water Polo (1 color leg) || 
Aviary T-shirt 2 || Small American Apparel with Aviary print on chest
ThoughtWorks Atlanta - 2F, 2B || Heather Black American Apparel blends with white and sky blue ink on front and back.
ThoughtWorks Atlanta SMALL SCREENS - 2F, 2B || Heather Black American Apparel blends with white and sky blue ink on front and back.
Blank tees - No print || Blank tees
Dry-Fit Blanks || 
WJZZ Detroit Jazz Radio || Full color process print on front of white tees.
Bachelorette Party [5-8-13] || 
White Tour Shirts || Needs to be Rolled, front and back
Extra Shirt (same print) || 
asdas || 
[DC Listen Up] Blue Listen Up Shirts || Pink, yellow, and red print on front chest of caribbean blue shirts.
Longsleeve Tees || 
Heather Tank Tops || Screen printed heather tanks.
Thrive Gym || 
AT LAST B&C || 
Redigan Outdoor || 
Blank Shirts || 
Beach Picture || 
Two Girls Picture || 
Same print (SHIRT FOR PO) || 
Blank Tees || 
walk-in print || 
Heartwalk || - Please schedule to be printed before noon on Friday!
[DC Listen Up] VIP Totes || Blue + Rust + Black ink on side of tote.
Work the Steps || Black tee with white ink on front and back.
Neon Tees (name transfer back) || 
Buttons || Buttons for Theo
Family Shirt || 
Job 2 - XXL on back-order || 
Life as a Zebra Foundation, May 13 || Black print on front and back of white tees.
George Makes Great Grits Apron || 
Late Shirt Changes (same print) || 
IV Wing Operations || 
1 Air Maintenance Squadron || 
Job 1 - Pink Front || 
Job 2 - White Front || 
Name Transfers || 
Peace begins with a smile || 
Eberbach Corporation || 
Job 2 - Single, full block M (1" Navy), Unique Numbers (Champ, 10", Navy) / Unique Names (Arial, 2" Navy) Unique Numbers (Champ, 10" Navy) || 
Job 1 - Single, full block M (1" Gold), Unique Numbers (Champ, 10", Gold) / Unique Names (Arial, 2" Gold) Unique Numbers (Champ, 10" Gold) || 
Moving in Faith Shoe - Size 8 || 
Brain Monkeys || 
Full Custom Auto || 
Yoda T-Shirts || 
One extra sport grey shirt, same print || 
Numbers on Back || 
Yoda T-Shirts (Smaller Print) || 
ART TBD || 
Leafy MI || 
Train || 
ETAS Survivor || 
Blank Shirts || 
Retail Tees || 
Zebra || 
Flag || 
Cheetah || 
Pink Polka Dot || 
The Shurminator || 
Ann Arbor Rock (Website) || 
Dawn Farm || 
Vajungle Panties Re-print || White transfer on red panties
T-Shirts || 
Lake House Gang pt 2 || 
ASE hats || 
Blank Tees || 
Serene Surroundings 3 || 
Hamilton Family Reunion || 
[STARKID TWISTED] Pink Tanks || Black ink on front of pink tank tops
Sunnies || 
Jellies || 
Buttons || 
Neon Giveaways || 
Navy Tanks || 
White Tanks || 
USA Hockey || 
Jacket || 
Job 1 || 
Job 3 || 
Job 5 || 
Job 6 || 
Job 7 || 
Theo Katzmann Buttons || 150 pieces
Theo Katzmann - Creme Tees || Creme tees, navy + teal ink
Blanks || Blank goods drop-shipped to convention.
Papa Roundhouse || 
VIP Totes || Natural totes with four color screen on one side.
Posters || 
Kalae Nouveau || White tees with black ink on front.
Job 1 - Delta Zeta || 
One on One B-Ball Dev. League 4 || 
Job 2 - Delta Sigma Phi || 
Obstacle Dash || 
Payment || 
test || 
test 2 || 
Lil Wahl shirt || 
Vigilante T-shirts || Add-on order for Jonathan Schriber.
Twisted Buttons] Eight Button Prints || 
Added adult shirts - same print || 
Adult Prints || Wicking and Cotton
Youth Tees || Front and back print only
Second City Fleece || American Apparel California Fleece Track Jacket. Navy with White Piping.
StarKid T-Shirts || 
Katrina Name || 
More Grey Tees || 
Grey NOT GOING TO CANADA || 
Overnight Shipping, SK Merch || $68.26 shipping.
Grand Canyon Shirts || 
Additional Shirts || 
Additional to KAF - (Nate: all jobs: 6,1,1,6) || Wicking
Extra Tee Shirt || 
DO NOT PRINT, SET ASIDE || 
DO NOT PRINT, SET ASIDE || 
DO NOT PRINT, SET ASIDE || 
Extra part 2 || 
extra back-packs || 
SPCL Tees || 
Extra Tee || 
Red Shirt (dark green sphere, silver divider, black inora) || 
Cool Wayne Law Shirt || 
Darwin's Finches || 
Added shirts - same art || 
Grey Darren Criss Tanks || 
Aqua Listen Up Shirts || 
White Tour Shirts || 
Aviary V-neck || Turqouise v-neck with white print on chest.
Polo with "David" on opposite chest || Polo with "David" on opposite chest
KAF 82nd FMSU || 
Woodland Mews || 
CMA Jackets Pt 2 || 
One extra medium, same print || 
Magic Boy - 2 || White + lime
KAF Tees for SFC Ryan || 
MPSA Crushed It || 
U of M vs. Notre Dame 2013 || 
Carpenter Final Shirts || 
Golf Outing 2013 tees || 
Phi Eta Psi, Pt 2 || 
Carpenter (extra shirt) || 
Camping Trip Tees (1 color (SIDE PRINT)) || 
H-H High || 
Looney Toons || 
tshirt || Front, white ink: 
Keep 
Calm and Farm On
County Line Electric Samples || 
A2 Born & Raised || 
Hearts of Joy || 
Navy Tanks || 
White Tanks || 
Vinyl Posters (about 594 x 420 mm) || Vinyl print on one side w/ hanging fixture on top.
Creme Theo Shirts || Creme & teal "Pop songs" Theo Katzman shirts
Grey Theo Shirts || Grey and white "Pop Song" Theo Katzman shirts
Darren Criss Grey Tank Top || Orange, pink & yellow "DARREN CRISS" on gray tank
Aqua Listen Up Shirts || Yellow "Listen Up" print on aqua
White Tour Shirts || Aqua, yellow, and pink, Darren's face on white shirt
Tour Buttons || 
Guns are for Girls Part 2 a || 
AGC Automotive || 
Additional White Tour Tees || Aqua, yellow, and pink, Darren's face on white shirt
Additional Aqua Listen Up Shirts || Yellow "Listen Up" print on aqua
Additional Tank Top || Orange, pink & yellow "DARREN CRISS" on gray tank
Additional Theo Grey || 
Large Print || 
Small Print || 
Wayne Shirt - White || 
Wayne Shirt - Royal || 
Pride Bitches || 
Joe Moses Snapbacks || Same panda snapback stitching we did last week.
Large Print || 
Small Print || 
Krzeczkowski Farms || 
Same print, additional shirts || 
Another Beautiful Day || - Same as retail print, except with "Unionville, MI"
U of M vs. Notre Dame 2013 (w/ Cluck You text) || 
Heartbreak Cycleworks || 
Blank Gold Shirts || 
Tigers Game Tees || 
Dominant Systems Quote || 
White Shirts (Dark Green Sphere, black divider, black inora) || 
Silver Shirts (light green sphere, black divider, black inora) || 
Light Green Sphere, silver divider, silver inora || 
Black (gold sphere, silver divider, gold inora) || 
Tough Mudder Tees || Navy blue print on left chest.
Silver Small || 
Silver Large || 
Blue Small || 
Blue Large || 
Purple Large || 
Purple Small || 
Michigan Bath Salts Tank || 
Shorts (no print) || 
Reunion Tees 2013 || 
CMU School Psych 2 || 
Cherri Bomb Merch || Wristbands, buttons, and tumblers.
AASC Tees Pt 5 || 
TTFC Tees Pt 2 || 
Additional GTCC Coach Shirt || 
Added shirts - same art || 
TFG Polos || 
blank shorts || 
Bachelor Party Tees || 
Bachelor Shirt - Same front, different back || 
Blank Shirts || 
Totes || 
One Love || 
One Life || 
One Heart || 
Big Sis/ Little Sis Tees || 
Big Sis Tees || 
Edy's V-Necks || 
MRS. CLAEYS Hoody (transfer only) || 
Athletic Heather Tees || Scarab Logo
Neon Pink Tanks || Pink with Twisted Logo in black on bottom
No COACH on sleeve - same F/B as J1 || 
extras (7/9/13) || 
Greek Letters || 
Youth shirts - small print || 
Squeaky || 
hopefully the final revisions || 
Walton Pride TF Express 3 || 
Late Additions for Ricky || 
Science Guy || 
Reunion Shirt || 
Number Transfers || 
White ! with Jacob Face || 
Wanna Bet? || 
Hats || Joe moses snapback logo
Shirts || 
t-shirts || 
Happy Endings Tees & Tanks || 
Jafar Tanks || 
Blue Stitching || 
Pin Packs || 
Buccaneer Soccer Camp 2013 || Navy ink on front of wicking silver tees.
Name Transfers || 
Z-West || 
Honorary Mascot || 
Kevweiser || 
Additional || 
Tank Tops - smaller back print || 
Final Additions || 
girls || 
COMKAF BASE DEFENSE AIRFIELD FP COY KAF || Tan cotton t-shirts with black, red, white, and royal ink on front. Red, White, Royal, Black, Yellow on back.
Natural Tee || Red, Black, yellow front. White, Black, Red back.
Cardinal Shirt || White, yellow, red, black front. White + black back.
Heather Tee || White, yellow, red, black front. White, red, black back.
Nasty #55 Tanks (transfers only) || 
EMU Honors College Orientation Day || Forest Green and Black Tees + transfers for on-site printing.
Wing #1 (Yellow Trim) || 
Wing #2 (Blue Trim, Crown) || 
BLD Detroit || 
Transfers || 
remake - with new font || 
Small boxes || AATC art on all 4 sides
Bigger Boxes || AATC art on all 4 sides in black ink.
Extra bag || 
1 Air Maintenance Squadron || 
Infant T-Shirt || 
Job 1 - Proud Dad Green and White || http://emuhonors.annarbortees.com/products/proud-dad-green-and-white

Jim Hashman and Mike Hallenbeck
Job 2 - Proud Mom Green and White || http://emuhonors.annarbortees.com/products/proud-mom-green-and-white-ink

Dawn Hallenbeck and Nadia Landis
Job 3 - Proud Dad, Green and White Ink, Honors Winged || http://emuhonors.annarbortees.com/products/proud-dad-green-and-white-honors-winged

John Landis
Job 4 - Proud Dad, White Ink, Honors Winged || http://emuhonors.annarbortees.com/products/proud-dad-white-ink-honors-winged

Mr. Mccormack
Job 6 - Proud Mom, White Ink, Honors Swirl || http://emuhonors.annarbortees.com/products/proud-mom-white-ink-honors-swirl

Jill Mccormack
Job 7 - Proud Mom, White Ink || http://emuhonors.annarbortees.com/products/proud-mom-white-ink

Rana Smith and Lisa Lloyd
Job 8 - Proud Grandmother, White Ink || http://emuhonors.annarbortees.com/products/proud-grandmother-white-ink

Lori Snyder
Job 9 - STAFF - White Staff Swirl || BASED ON http://emuhonors.annarbortees.com/products/proud-aunt-white-ink-honors-swirl

Sharon Crutchfield and Natalie Dove
Job 10 - STAFF - Green Staff Swirl || BASED ON http://emuhonors.annarbortees.com/products/proud-aunt-green-ink-honors-swirl

Linda
Job 12 - STAFF - White Staff Winged || BASED ON http://emuhonors.annarbortees.com/products/alumnus-white-ink-honors-winged

Linda
Job 13 - STAFF - White Staff Swirl, Staff on Back || BASED ON http://emuhonors.annarbortees.com/products/proud-aunt-white-ink-honors-swirl

Lacey
Job 14 - STAFF - White Staff Stacked, Staff on Back || BASED ON http://emuhonors.annarbortees.com/products/alumnus-white-ink-stacked

Katie and Lacey and Jenni
Job 15 - STAFF - Proud Staff Green and White, Staff on Back || BASED ON http://emuhonors.annarbortees.com/products/proud-mom-green-and-white-ink

Addie
Job 16 - STAFF - Half-zip pullover, STAFF || John
Black Print || 
blanks || 
YPVL (Summer 2013) || 
Extra Shirt || 
Blank Canvas Shirts || 
Added zip-up - same art || 1 XL shirt has been subtracted from JOB 1, there should only be 6 in the order.
Extra Shirts || 
Blank Polo's || 
Michigan Law Hockey Jerseys (Applique Front/ Back) || 
One on One Summer Camps 2013 pt 2 || 
Sig Ep Custom Hat || Regular Amazon design (SIGMA PHI EPSILON Flat Brim Snapback Hat Purple Letters / SigEp, Sig Ep Frat, Fraternity Cap), except with purple sigma, red phi, and gold epsilon.
Wedding Tanks || 
Leg Transfers || White ink for full leg transfer
Lime Green on Right Chest Front || 
Bride Tank || 
Totes || 
Small Totes || 
Affordable Mobility Fleece || 
Sample Jackets and Polos || 
Second City Track Jackets || Black track jackets with white ink on left chest.
Mi-Choice Polo's and Jackets || 
CSA Jackets and Polos || 
Military Med Buddy || Black 50/50 tees with white and tan ink on front and back.
Main Shirts || three color print on the sleeve, a three color print on the front, a four color print on the back and a 3 color print on the other sleeve
Main Shirts || three color print on the sleeve, a three color print on the front, a four color print on the back and a 3 color print on the other sleeve
Volunteer Shirts || A three color print on the sleeve, a three color print on the front, a four color print on the back and a 3 color print on the other sleeve
EDP Dental LI Ducks tees || 
KAF Waal Crossing Run || Sport Grey t-shirts with red and navy left chest, black halftone back.
Transfers - Starkid Spaceman || 
White Ink || 
Black Ink || 
Job 3 - Derrek Reprint Hoodie || 
Savings Bank of Dansbury || Two polos, white stitching on left chest
Extra Shirts || 
Debbie's Birthday Tees || Picture

Guess Who's 50?
George Jewett Tees || 
Vis A Vis Jacket Names || 
Direct Irrigation Reprint || 
Mitch-A-Palooza: SAE PREPARTY || 
WJZZ Black tees pt 3 || 
MGS || 
Football Tee || 
Football Tee || 
Blanks for Andrew || AA 04540P1  Perfect Crew Black
12-M
12-L
6-XL
6-XXL
Space Tanks || 
Transfers || 
Team 134 || Blue and white ink on front and back
Going to Rick's || Blue and white ink on front and back
MSU High School || Blue and white ink on front and back
OSU High School || Blue and white ink on front and back
JOB 1 Front: Individual Numbers (White Champ 10") and Letters (1" Grey Old English D), Back: Individual Names (Arial 2" Black / 10" Champ White Numbers || 
Pure Michigan || Blue and white ink on front and back
Shorts Transfer || White ink thigh transfer
Distressed Logo || 
Logo Only || 
Vintage Harley || 
JOB 2 Front: Individual Numbers (Orange Champ 10") and Letters (Full Block 1" Orange Full Block B), Back: Individual Names (Arial 2" White/ 10" Champ Orange Numbers || 
ND Alumni || 
Blank Pocket Tees || 
Hip Replacements || 
Dynamax (August 2013) || 
Huron Contracting || Forest green and black ink on front of sport grey wicking tees.
U-Chicago Running Tee || Black ink on silver wicking tees.
Pi Kapp Wheel Tees || 
Univesity of Chicago Biological Science Run || Silver wicking tees with black ink on front and back.
Alzheimer's Walk Shirts || White ink on front and back of violet shirts
MCO reprint || 
Lakers Mom || 
Lakers Girlfriend || 
Equestrian Team Polo || 
Lexington || 
Philly || 
Girl Shirt || 
Detroit Track Jackets || White ink on backside of grey, brown, and navy track jackets
Flipping Physics Webstore Set-up || Set-up entry level webstore @ flippingphysics.annarbortees.com
Strike This || 
GraceHopper Samples || 
AA Dueling Part 2 || 
AP 65 Part 2 || 
Pigment Dye Shirt || 
Neon Green Shirt || 
Purple Sweatshirt || 
Chicago Physical Run || 
Whack And Suck 2 || 
Pacesetter Painting || 
TTFC Shirts Pt 2 || 
PTSO Football || 
iPhone Cases || Full color sublimated print on iPhone 4 and 5 cases
Picture 1 || 
Picture 2 || 
Picture 3 || 
Picture 4 || 
Picture 5 || 
Extra Shirt || 
Easter Seals Raglan Polos || Black polos with white and red screen print on left breast.
Darth Vader || 
Princess Leia || 
Pure Michigan || Navy shirts with white and maize print on front.
Jesus Loves You || 
Jesus Loves You || 
Let's Glow Dallas || 
T-Shirts, BCB Dsign, black ink || 
T-Shirts, BCB Dsign, white ink || 
T-shirts || Front, black ink: 25th Annual Brother's Weekend....
Back, black ink: List of towns. Center "Brother's Weekend
I'm Feeling 22 || 
Dolphin Safe Tunes (Transfer Prints) || 
HSA Quarter-Zip Follow-up || 
Larry Gates Jackson State || Exact reprint on single shirt of this art: http://admin.annarbortees.com/custom_orders/edit/55516
Mr. & Mrs. Hirt || 
Adult T-shirts - Black Print || Black print
Golf Shirts - Black Print || Black ink, left chest
Adult T-shirts - White Print || White ink, full chest
Black Tees || Red ink on front and back
Ash Tees || Blue ink on front
Job 3 - Additional XLs || 
Other Transfer Prints || 
Pi Kapp Barn Dance || 
MANA 5K || 
Limno || 
Ride Em Hard || 
Kronk Digitization || 
New Art || 
$408.50 bill || 
My Fantasy Team || Yellow ink on navy blue shirts.
P2P Nov 2013 (blue shirts) || 
Jack Key || 
Guns N' Hoses Underwear || Red underwear with white transfer on front.
Deloitte Hockey Jerseys || 
Married with Children || 
WCC Strike Out Cancer || 
Ebright (CUSTOM NAME TRANSFER) || 
Unique numbers on back (8" Champ White) - NO PRINT OTHERWISE || 
Greg's Bachelor Party || 
Tees (white print) || 
Job 1 - Big - IN HOUSE || 
Job 2 - Little - IN HOUSE || 
Job 3 - Grand-Little - IN HOUSE || 
Hole Shirt Reprint || 
Geddes Block Reprint || 
White Player Numbers - # transfer on back || 
Youth Purple Tee || 
Elysium Painting Oct 3013 || Four color process print on front and back of ash apparel
Hockey Sweatshirts || 
Little Terrorhead || 
Pigment Dye || 
Neon Green || 
Purple SS || 
TRANSFERS ONLY - Front: 2" White Full Block Unique Names / Back: 2" Gold Full Block Unique Names, 8" Gold Champ Unique Numbers || 
JOB 2 - TRANSFERS ONLY -  Front: 2" White Full Block Unique Names / Back: 2" Gold Full Block Unique Names || 
Blank Shirts 3 || 
Shoes (Size 13) || 
Different Invoice || 
Reprint || 
Shepard Energy Centre || 
DMUM Pod 7 Fundraising || 
DMUM Power Ranger Fundraising || 
Ypsi Food Co-op Bags || 
Buster Pit Crew || 
Bat Plan || 
Transfers || 50 sheets
DMUM Transfers - 50 sheets || 
Renaissance Marching Band Reprint || 
Numbers on Shirts || 
Vintage 1953 || 
Mi-Choice Jackets and Polo's || 
CSA Jackets and Polos || 
Puma Mama 2 || 
Titans Jersey || 
Lutz Fleece || 
Excellence is Choice || 
Smaller boxes || black print on all four sides
Gold Mobb/ Mobb Street || 
Mobb Street || 
Serene Surroundings 5 || 
Edy's Apron || 
Pure Michigan || 
Ricks || 
MSU High School || 
Ohio High School || 
MSU Penis || 
OSU Penis || 
Henley (FRONT ONLY) || 
Blank Tees || 
LAST MINUTE ADDITION || 
$408.50 Installment Payment on Summer Merch || 
AmApp Blanks || Black blanks for A Thomas
White Transfers 50 sheets || 
198th ESB Signal Wolves || 
West Coast Tour Sweatpants || 
West Coast Tour Yogas || 
East Coast Tour Yogas || 
East Coast Tour Sweatpants || 
Theater Tour Yogas || 
Theater Tour Sweatpants || 
M victors || 
Blank Crewneck || 
Blank Quarter-zip || 
Brew Diva (dark print) || 
WCC/ Ypsilanti Volleyball || 
Mike (shirt) || 
D with Antlers || 
Michigan Daily || White ink on front of navy t-shirts
Sweatpants (west coast) || 
Diane Script in White, centered || 
Straight Ballin' Reprint || 
Big Georges white || 
Black Print || 
Blanks (BRING TO JACK) || 
Barcenal Soccer 2 || 
basketball jersey 2 (reversible (front and back) #'s) || 
Blank Bags || 
Hats || 
Hillcrest Sod Farms Hats || 
Michigan Analytics || 
Job For Scott - Not a print order || 
Blank Apparel || 
sample shirts || 
T-Shirt for Scott || 
Whack and Suck 3 || 
Shooting Shirts (Team 1 & 2) || 
(Black Print) || 
Blanks Apparel || 
Kevweiser Reprint || 
X-Mas Stockings || 
Extra Dot (Transfer) || 
Job 1 - Youth || Black ink on front and back of white tees."Zebras Make Hoofbeats Too" on the Front with the hoofprints/Zebra on the Back shirt from 2013
Job 2 - Youth || Zebra on the Front/"Zebras Make Hoofbeats Too" on the back from 2012
Blank Tees - no decoration || 
Wayne State Pharmacy || 
Hanover Horton Football || 
Jackets || 
Michigan Bass Fishing || 
DMUM Beat OSU Shirts || Gold long sleeve tees with navy ink on front.
Gun Shirt || 
KAF Demon 5K - Cotton || White and red print on front and back of long sleeve blue shirts. One color print on sleeve
KAF Demon 5K - Wicking || White and red print on front and back of long sleeve blue shirts. One color print on sleeve
Orange Shirts || 
Muffin's Girl Tanks || 
Muffin's Bitch Tanks || 
A Rockin' Shirt... || 
DESIGN 3: Navy T-shirt || White ink on front only of navy shirt
Lexington Bach Festival (Nov 2013) || 
Senator RL Warren || Senator RL Warren 

Russ Times

Red
Blank Tee || 
Blank sweaters || 
Michigan Nerdfighters || 
Additional Hail to the Little Victors || 
Muffin Tees || 
Missiles: They're a Blast || White stitching on left chest
Hockey Jersey || 
starkid || 
Transfers || 
Blank Bowling Shirts || 
Blank Apparel || 
Apocolyptour DVD || 
Ann Arbor T-Shirt Co Sweatshirt || 
Gun Tee || 
Transfers || 
IN HOUSE - 2 Fabric Applique || 
Buttons || 
Clan Campbell || 
Youth || 
Willow Run HS || 
Memorial Sweatshirts || 
Size 6 Shoe || 
Everybody needs a George || 
Blank Apparel || 
Sock Monkey || 
Campochiaro Italy Tee || 
Geologists Rock || 
test || 
I love Port Douglas (CUSTOM RETAIL TEE) || 
Numbers (4") || 
Account || 
Transfers || 
Wagon Wheel Tee || 
Diamond Auto Wash Blanks || 
IN HOUSE Applique || Black stitching with dark grey fabric inside
Truven: Supporting Our Community || 
Starkid Custom T-Shirt || 
Additional Shirt || 
Late Addition || 
Travolta Long Sleeve || 
Name Transfers (Back only) || 
Castle Transfers || 
Harry Potter Transfers || 
Harry Potter Transfers || 
Michigan Daily Bulk Order - Reprint || Job 1 reprint from initial order
Sample Sweatshirts || 
Shooting Shirts || 
Wylie Holdings 2 || 
Joe Moses Hats (blank) || Blank panda hats from Kenny's room.
Additional Small || 
Get Strong (Back Only) || 
M vs KSU xmas (12-20) || 
Keep Calm Awesome WHITE || 
Bootleg Michigan Apparel || 
Additional Eisenhower Center Sweatshirt (PEGGY) || 
I Miss Ann Arbor || I Miss Ann Arbor in maize ink
Michigan (Navy ink) || "MICHIGAN" in navy ink across grey shirt
Block M || 
HHBW || Teal patch over name on chest with black "HHBW" stitched into middle of patch
Order Change (GET STRONG FRONT, Barbell Back) || 
Crest on Pocket (SP) || 
